// Jest Snapshot v1, https://goo.gl/fbAQLP

exports[`Message translates from key to text 1`] = `"Alex"`;

exports[`Message translates from key to text with default message 1`] = `"Default Message"`;
